// Jest Snapshot v1, https://goo.gl/fbAQLP

exports[`App component renders App 1`] = `
<DocumentFragment>
  <img
    alt="loading"
    src="https://i.imgur.com/B8SSY5p.gif"
  />
</DocumentFragment>
`;
